2026-03-05 21:50:43,410 [main] INFO  i.t.i.InstituteManagementProjectApplication        - Starting InstituteManagementProjectApplication using Java 21.0.6 with PID 12124 (C:\Users\hp\Desktop\IMS\Backend_Project\InstituteManagementProject\target\classes started by hp in C:\Users\hp\Desktop\IMS\Backend_Project\InstituteManagementProject)
2026-03-05 21:50:43,414 [main] DEBUG i.t.i.InstituteManagementProjectApplication        - Running with Spring Boot v3.2.5, Spring v6.1.6
2026-03-05 21:50:43,415 [main] INFO  i.t.i.InstituteManagementProjectApplication        - No active profile set, falling back to 1 default profile: "default"
2026-03-05 21:50:45,793 [main] INFO  o.s.d.r.c.RepositoryConfigurationDelegate          - Bootstrapping Spring Data JPA repositories in DEFAULT mode.
2026-03-05 21:50:46,040 [main] INFO  o.s.d.r.c.RepositoryConfigurationDelegate          - Finished Spring Data repository scanning in 223 ms. Found 9 JPA repository interfaces.
2026-03-05 21:50:47,078 [main] INFO  o.s.b.w.embedded.tomcat.TomcatWebServer            - Tomcat initialized with port 8080 (http)
2026-03-05 21:50:47,102 [main] INFO  o.apache.coyote.http11.Http11NioProtocol           - Initializing ProtocolHandler ["http-nio-8080"]
2026-03-05 21:50:47,110 [main] INFO  o.apache.catalina.core.StandardService             - Starting service [Tomcat]
2026-03-05 21:50:47,111 [main] INFO  org.apache.catalina.core.StandardEngine            - Starting Servlet engine: [Apache Tomcat/10.1.20]
2026-03-05 21:50:47,256 [main] INFO  o.a.c.c.C.[Tomcat].[localhost].[/]                 - Initializing Spring embedded WebApplicationContext
2026-03-05 21:50:47,257 [main] INFO  o.s.b.w.s.c.ServletWebServerApplicationContext     - Root WebApplicationContext: initialization completed in 3705 ms
2026-03-05 21:50:47,592 [main] INFO  o.hibernate.jpa.internal.util.LogHelper            - HHH000204: Processing PersistenceUnitInfo [name: default]
2026-03-05 21:50:47,757 [main] INFO  org.hibernate.Version                              - HHH000412: Hibernate ORM core version 6.4.4.Final
2026-03-05 21:50:47,929 [main] INFO  o.h.c.internal.RegionFactoryInitiator              - HHH000026: Second-level cache disabled
2026-03-05 21:50:48,636 [main] INFO  o.s.o.j.p.SpringPersistenceUnitInfo                - No LoadTimeWeaver setup: ignoring JPA class transformer
2026-03-05 21:50:48,794 [main] INFO  com.zaxxer.hikari.HikariDataSource                 - HikariPool-1 - Starting...
2026-03-05 21:50:49,633 [main] INFO  com.zaxxer.hikari.pool.HikariPool                  - HikariPool-1 - Added connection com.mysql.cj.jdbc.ConnectionImpl@5fb514c2
2026-03-05 21:50:49,640 [main] INFO  com.zaxxer.hikari.HikariDataSource                 - HikariPool-1 - Start completed.
2026-03-05 21:50:49,741 [main] WARN  org.hibernate.orm.deprecation                      - HHH90000025: MySQL8Dialect does not need to be specified explicitly using 'hibernate.dialect' (remove the property setting and it will be selected by default)
2026-03-05 21:50:49,744 [main] WARN  org.hibernate.orm.deprecation                      - HHH90000026: MySQL8Dialect has been deprecated; use org.hibernate.dialect.MySQLDialect instead
2026-03-05 21:50:52,360 [main] INFO  o.h.e.t.j.p.i.JtaPlatformInitiator                 - HHH000489: No JTA platform available (set 'hibernate.transaction.jta.platform' to enable JTA platform integration)
2026-03-05 21:50:52,618 [main] INFO  o.s.o.j.LocalContainerEntityManagerFactoryBean     - Initialized JPA EntityManagerFactory for persistence unit 'default'
2026-03-05 21:50:53,632 [main] INFO  o.s.d.j.r.query.QueryEnhancerFactory               - Hibernate is in classpath; If applicable, HQL parser will be used.
2026-03-05 21:50:54,763 [main] WARN  o.s.b.a.o.j.JpaBaseConfiguration$JpaWebConfiguration - spring.jpa.open-in-view is enabled by default. Therefore, database queries may be performed during view rendering. Explicitly configure spring.jpa.open-in-view to disable this warning
2026-03-05 21:50:54,825 [main] WARN  o.s.b.a.s.s.UserDetailsServiceAutoConfiguration    - 

Using generated security password: 904ab6d0-57f3-4450-b8da-6ec58d55619c

This generated password is for development use only. Your security configuration must be updated before running your application in production.

2026-03-05 21:50:57,861 [main] INFO  o.s.s.web.DefaultSecurityFilterChain               - Will secure any request with [org.springframework.security.web.session.DisableEncodeUrlFilter@2449dff5, org.springframework.security.web.context.request.async.WebAsyncManagerIntegrationFilter@4d2068ea, org.springframework.security.web.context.SecurityContextHolderFilter@1caf77f6, org.springframework.security.web.header.HeaderWriterFilter@49d4a2cf, org.springframework.web.filter.CorsFilter@65a42136, org.springframework.security.web.authentication.logout.LogoutFilter@53a2dbf2, org.springframework.security.web.savedrequest.RequestCacheAwareFilter@4d001a14, org.springframework.security.web.servletapi.SecurityContextHolderAwareRequestFilter@7af85b32, org.springframework.security.web.authentication.AnonymousAuthenticationFilter@5145dddc, org.springframework.security.web.session.SessionManagementFilter@2ae25358, org.springframework.security.web.access.ExceptionTranslationFilter@3c1133ad, org.springframework.security.web.access.intercept.AuthorizationFilter@21590b35]
2026-03-05 21:50:58,657 [main] INFO  o.apache.coyote.http11.Http11NioProtocol           - Starting ProtocolHandler ["http-nio-8080"]
2026-03-05 21:50:58,703 [main] INFO  o.s.b.w.embedded.tomcat.TomcatWebServer            - Tomcat started on port 8080 (http) with context path ''
2026-03-05 21:50:58,724 [main] INFO  i.t.i.InstituteManagementProjectApplication        - Started InstituteManagementProjectApplication in 16.531 seconds (process running for 17.96)
2026-03-05 21:51:37,221 [RMI TCP Connection(4)-127.0.0.1] INFO  o.s.b.a.SpringApplicationAdminMXBeanRegistrar$SpringApplicationAdmin - Application shutdown requested.
2026-03-05 21:51:37,226 [RMI TCP Connection(4)-127.0.0.1] INFO  o.apache.coyote.http11.Http11NioProtocol           - Stopping ProtocolHandler ["http-nio-8080"]
2026-03-05 21:51:37,247 [RMI TCP Connection(4)-127.0.0.1] INFO  o.s.o.j.LocalContainerEntityManagerFactoryBean     - Closing JPA EntityManagerFactory for persistence unit 'default'
2026-03-05 21:51:37,251 [RMI TCP Connection(4)-127.0.0.1] INFO  com.zaxxer.hikari.HikariDataSource                 - HikariPool-1 - Shutdown initiated...
2026-03-05 21:51:37,263 [RMI TCP Connection(4)-127.0.0.1] INFO  com.zaxxer.hikari.HikariDataSource                 - HikariPool-1 - Shutdown completed.
